
Allocating common symbols
Common symbol       size              file

isr_table           0x80              soc-hw.o
tic_msec            0x4               soc-hw.o

Memory Configuration

Name             Origin             Length             Attributes
ram              0x0000000000000000 0x0000000000001000
*default*        0x0000000000000000 0xffffffffffffffff

Linker script and memory map

                0x0000000000000000                __DYNAMIC = 0x0
                0x0000000000000000                _RAM_START = 0x0
                0x0000000000001000                _RAM_SIZE = 0x1000
                0x0000000000001000                _RAM_END = (_RAM_START + _RAM_SIZE)

.text           0x0000000000000000      0x5b0
                0x0000000000000000                _ftext = .
 *(.text .stub .text.* .gnu.linkonce.t.*)
 .text          0x0000000000000000      0x208 crt0ram.o
                0x0000000000000000                _start
                0x0000000000000140                irq_enable
                0x000000000000014c                irq_disable
                0x0000000000000158                irq_set_mask
                0x0000000000000160                irq_get_mask
                0x0000000000000168                jump
                0x000000000000016c                halt
                0x00000000000001f8                get_sp
                0x0000000000000200                get_gp
 .text          0x0000000000000208      0x114 main.o
                0x0000000000000208                main
 .text          0x000000000000031c      0x294 soc-hw.o
                0x000000000000031c                isr_null
                0x0000000000000320                tic_isr
                0x000000000000034c                prueba
                0x00000000000003c0                irq_handler
                0x0000000000000424                isr_init
                0x0000000000000448                isr_register
                0x0000000000000460                isr_unregister
                0x0000000000000480                msleep
                0x00000000000004bc                nsleep
                0x00000000000004ec                tic_init
                0x0000000000000530                uart_init
                0x0000000000000534                uart_getchar
                0x0000000000000558                uart_putchar
                0x000000000000057c                uart_putstr
                0x00000000000005b0                _etext = .

.rodata         0x00000000000005b0        0x8
                0x00000000000005b0                . = ALIGN (0x4)
                0x00000000000005b0                _frodata = .
 *(.rodata .rodata.* .gnu.linkonce.r.*)
 .rodata.cst4   0x00000000000005b0        0x8 main.o
 .rodata.cst4   0x0000000000000000        0x4 soc-hw.o
 *(.rodata1)
                0x00000000000005b8                _erodata = .

.data           0x00000000000005b8       0x10
                0x00000000000005b8                . = ALIGN (0x4)
                0x00000000000005b8                _fdata = .
 *(.data .data.* .gnu.linkonce.d.*)
 .data          0x00000000000005b8        0x0 crt0ram.o
 .data          0x00000000000005b8        0x0 main.o
 .data          0x00000000000005b8       0x10 soc-hw.o
                0x00000000000005b8                uart0
                0x00000000000005bc                timer0
                0x00000000000005c0                gpio0
                0x00000000000005c4                spi0
 *(.data1)
                0x00000000000005d0                _gp = ALIGN (0x10)
 *(.sdata .sdata.* .gnu.linkonce.s.*)
                0x00000000000005c8                _edata = .

.bss            0x00000000000005c8       0x84
                0x00000000000005c8                . = ALIGN (0x4)
                0x00000000000005c8                _fbss = .
 *(.dynsbss)
 *(.sbss .sbss.* .gnu.linkonce.sb.*)
 *(.scommon)
 *(.dynbss)
 *(.bss .bss.* .gnu.linkonce.b.*)
 .bss           0x00000000000005c8        0x0 crt0ram.o
 .bss           0x00000000000005c8        0x0 main.o
 .bss           0x00000000000005c8        0x0 soc-hw.o
 *(COMMON)
 COMMON         0x00000000000005c8       0x84 soc-hw.o
                0x00000000000005c8                isr_table
                0x0000000000000648                tic_msec
                0x000000000000064c                _ebss = .
                0x000000000000064c                _end = .
                0x0000000000000ffc                PROVIDE (_fstack, ((ORIGIN (ram) + 0x1000) - 0x4))
LOAD crt0ram.o
LOAD main.o
LOAD soc-hw.o
OUTPUT(image elf32-lm32)

.debug_abbrev   0x0000000000000000      0x246
 .debug_abbrev  0x0000000000000000       0xa9 main.o
 .debug_abbrev  0x00000000000000a9      0x19d soc-hw.o

.debug_info     0x0000000000000000      0x628
 .debug_info    0x0000000000000000      0x11a main.o
 .debug_info    0x000000000000011a      0x50e soc-hw.o

.debug_line     0x0000000000000000      0x495
 .debug_line    0x0000000000000000      0x162 main.o
 .debug_line    0x0000000000000162      0x333 soc-hw.o

.debug_frame    0x0000000000000000      0x110
 .debug_frame   0x0000000000000000       0x20 main.o
 .debug_frame   0x0000000000000020       0xf0 soc-hw.o

.debug_loc      0x0000000000000000      0x11a
 .debug_loc     0x0000000000000000       0x1e main.o
 .debug_loc     0x000000000000001e       0xfc soc-hw.o

.debug_pubnames
                0x0000000000000000      0x138
 .debug_pubnames
                0x0000000000000000       0x1b main.o
 .debug_pubnames
                0x000000000000001b      0x11d soc-hw.o

.debug_pubtypes
                0x0000000000000000       0x8f
 .debug_pubtypes
                0x0000000000000000       0x36 main.o
 .debug_pubtypes
                0x0000000000000036       0x59 soc-hw.o

.debug_aranges  0x0000000000000000       0x40
 .debug_aranges
                0x0000000000000000       0x20 main.o
 .debug_aranges
                0x0000000000000020       0x20 soc-hw.o

.debug_str      0x0000000000000000      0x1df
 .debug_str     0x0000000000000000       0xb0 main.o
                                         0xbc (size before relaxing)
 .debug_str     0x00000000000000b0      0x12f soc-hw.o
                                        0x1e1 (size before relaxing)

.comment        0x0000000000000000       0x11
 .comment       0x0000000000000000       0x11 main.o
                                         0x12 (size before relaxing)
 .comment       0x0000000000000000       0x12 soc-hw.o

.debug_ranges   0x0000000000000000       0x18
 .debug_ranges  0x0000000000000000       0x18 soc-hw.o
